#-----------------------------------------------------------
# Webtalk v2018.1 (64-bit)
# SW Build 2188600 on Wed Apr  4 18:40:38 MDT 2018
# IP Build 2185939 on Wed Apr  4 20:55:05 MDT 2018
# Start of session at: Tue May  1 13:53:09 2018
# Process ID: 11940
# Current directory: C:/Users/jal02005/Documents/fixed_micro/Micronaut/jw_display_code/zedboard.sim/sim_1/behav/xsim
# Command line: wbtcv.exe -mode batch -source C:/Users/jal02005/Documents/fixed_micro/Micronaut/jw_display_code/zedboard.sim/sim_1/behav/xsim/xsim.dir/tb_imgproc_behav/webtalk/xsim_webtalk.tcl -notrace
# Log file: C:/Users/jal02005/Documents/fixed_micro/Micronaut/jw_display_code/zedboard.sim/sim_1/behav/xsim/webtalk.log
# Journal file: C:/Users/jal02005/Documents/fixed_micro/Micronaut/jw_display_code/zedboard.sim/sim_1/behav/xsim\webtalk.jou
#-----------------------------------------------------------
source C:/Users/jal02005/Documents/fixed_micro/Micronaut/jw_display_code/zedboard.sim/sim_1/behav/xsim/xsim.dir/tb_imgproc_behav/webtalk/xsim_webtalk.tcl -notrace
